
> or3-scroll@0.0.0 test
> vitest --run


 RUN  v1.6.1 /Users/brendon/Documents/or3-vsc

stdout | src/lib/core/__tests__/fenwick.grow.test.ts > FenwickTree - grow behavior > should preserve existing sums when growing
query(4) before: 300 after: 300
query(9) before: 575 after: 575
total after grow (before adding new): 575
total after adding new indices: 5075

 ✓ src/lib/core/__tests__/fenwick.grow.test.ts  (2 tests) 6ms
 ✓ src/lib/core/__tests__/fenwick.test.ts  (5 tests) 4ms
 ✓ src/lib/core/__tests__/virtualizer.test.ts  (7 tests) 9ms
 ✓ src/lib/core/__tests__/virtualizer.extended.test.ts  (19 tests) 95ms
 ❯ __tests__/integration/demo1-streaming.test.ts  (0 test)
 ✓ src/lib/components/__tests__/Or3Scroll.test.ts  (9 tests) 150ms
 ✓ src/lib/components/__tests__/Or3Scroll.extended.test.ts  (13 tests) 371ms

⎯⎯⎯⎯⎯⎯ Failed Suites 1 ⎯⎯⎯⎯⎯⎯⎯

 FAIL  __tests__/integration/demo1-streaming.test.ts [ __tests__/integration/demo1-streaming.test.ts ]
Error: Failed to resolve import "../../demo/App.vue" from "__tests__/integration/demo1-streaming.test.ts". Does the file exist?
 ❯ TransformPluginContext._formatError node_modules/vite/dist/node/chunks/dep-BK3b2jBa.js:49258:41
 ❯ TransformPluginContext.error node_modules/vite/dist/node/chunks/dep-BK3b2jBa.js:49253:16
 ❯ normalizeUrl node_modules/vite/dist/node/chunks/dep-BK3b2jBa.js:64307:23
 ❯ async file:/Users/brendon/Documents/or3-vsc/node_modules/vite/dist/node/chunks/dep-BK3b2jBa.js:64439:39
 ❯ TransformPluginContext.transform node_modules/vite/dist/node/chunks/dep-BK3b2jBa.js:64366:7
 ❯ PluginContainer.transform node_modules/vite/dist/node/chunks/dep-BK3b2jBa.js:49099:18
 ❯ loadAndTransform node_modules/vite/dist/node/chunks/dep-BK3b2jBa.js:51978:27

⎯⎯⎯⎯⎯⎯⎯⎯⎯⎯⎯⎯⎯⎯⎯⎯⎯⎯⎯⎯⎯⎯⎯⎯[1/1]⎯

 Test Files  1 failed | 6 passed (7)
      Tests  55 passed (55)
   Start at  15:41:02
   Duration  1.53s (transform 305ms, setup 1ms, collect 736ms, tests 635ms, environment 1.53s, prepare 996ms)

